---
source: fs/sa/crates/dbt-adapter/src/engine/duckdb_attach.rs
input_file: fs/sa/crates/dbt-adapter/src/engine/xdbc/fixtures/horizon_duckdb_user_overrides/catalogs.yml
---
ATTACH IF NOT EXISTS 'horizon_wh' AS horizon_db (TYPE ICEBERG, SECRET horizon_secret, ENDPOINT 'https://horizon.example.com/catalog', DEFAULT_SCHEMA 'demo', AUTHORIZATION_TYPE 'SIGV4', STAGE_CREATE_TABLES true, READ_ONLY false, ACCESS_DELEGATION_MODE 'VENDED_CREDENTIALS', DISABLE_MULTI_TABLE_COMMIT true, SKIP_CREATE_TABLE_METADATA_UPDATES true, REMOVE_FILES_ON_DELETE false)
