---
source: fs/sa/crates/dbt-adapter/src/engine/xdbc/duckdb_attach_snapshot_tests.rs
input_file: fs/sa/crates/dbt-adapter/src/engine/xdbc/fixtures/multi_catalog_iceberg_rest/catalogs.yml
---
ATTACH IF NOT EXISTS 'rest_a' AS rest_a (TYPE ICEBERG, ENDPOINT 'https://rest-a.example.com', READ_ONLY false)
ATTACH IF NOT EXISTS 'demo_warehouse' AS rest_demo (TYPE ICEBERG, READ_ONLY false)
